2026-09-25 11:33:19,437 WARNING database DDL Query made to DB:
ALTER TABLE `tabfuel type` ADD UNIQUE INDEX IF NOT EXISTS fuel_type_name (`fuel_type_name`)
2026-09-25 11:34:40,530 WARNING database DDL Query made to DB:
create table `tabVehicle Model` (
			name varchar(140) primary key,
			creation datetime(6),
			modified datetime(6),
			modified_by varchar(140),
			owner varchar(140),
			docstatus tinyint not null default '0',
			idx int not null default '0',
			`_user_tags` text,
`_comments` text,
`_assign` text,
`_liked_by` text,
index creation(creation))
			ENGINE=InnoDB
			ROW_FORMAT=DYNAMIC
			CHARACTER SET=utf8mb4
			COLLATE=utf8mb4_unicode_ci
2026-09-25 11:34:40,530 WARNING database DDL Query made to DB:
create table `tabVehicle Model` (
			name varchar(140) primary key,
			creation datetime(6),
			modified datetime(6),
			modified_by varchar(140),
			owner varchar(140),
			docstatus tinyint not null default '0',
			idx int not null default '0',
			`_user_tags` text,
`_comments` text,
`_assign` text,
`_liked_by` text,
index creation(creation))
			ENGINE=InnoDB
			ROW_FORMAT=DYNAMIC
			CHARACTER SET=utf8mb4
			COLLATE=utf8mb4_unicode_ci
2026-09-25 11:36:55,458 WARNING database DDL Query made to DB:
ALTER TABLE `tabVehicle Model` ADD COLUMN `vehicle_brand` varchar(140), ADD COLUMN `model_name` varchar(140)
2026-09-25 11:36:55,458 WARNING database DDL Query made to DB:
ALTER TABLE `tabVehicle Model` ADD COLUMN `vehicle_brand` varchar(140), ADD COLUMN `model_name` varchar(140)
2026-09-25 11:38:05,474 WARNING database DDL Query made to DB:
ALTER TABLE `tabVehicle Model` ADD UNIQUE INDEX IF NOT EXISTS model_name (`model_name`)
2026-09-25 11:39:37,666 WARNING database DDL Query made to DB:
ALTER TABLE `tabfuel type` DROP INDEX `fuel_type_name`
2026-09-25 11:41:20,232 WARNING database DDL Query made to DB:
alter table `tabfuel type` add column if not exists parent varchar(140)
2026-09-25 11:41:20,244 WARNING database DDL Query made to DB:
alter table `tabfuel type` add column if not exists parenttype varchar(140)
2026-09-25 11:41:20,256 WARNING database DDL Query made to DB:
alter table `tabfuel type` add column if not exists parentfield varchar(140)
2026-09-25 11:41:20,301 WARNING database DDL Query made to DB:
ALTER TABLE `tabfuel type` ADD COLUMN `fuel_type` varchar(140)
2026-09-25 11:43:22,141 WARNING database DDL Query made to DB:
ALTER TABLE `tabvehicle brand` ADD COLUMN `brand_model` varchar(140)
2026-09-25 11:50:57,950 WARNING database DDL Query made to DB:
ALTER TABLE `tabvehicle brand` DROP INDEX `brand_name`
2026-09-25 11:51:34,641 WARNING database DDL Query made to DB:
ALTER TABLE `tabvehicle brand` ADD UNIQUE INDEX IF NOT EXISTS brand_name (`brand_name`)
2026-09-25 11:53:12,287 WARNING database DDL Query made to DB:
create table `tabvehicle model` (
			name varchar(140) primary key,
			creation datetime(6),
			modified datetime(6),
			modified_by varchar(140),
			owner varchar(140),
			docstatus tinyint not null default '0',
			idx int not null default '0',
			parent varchar(140),
parentfield varchar(140),
parenttype varchar(140),
index parent(parent))
			ENGINE=InnoDB
			ROW_FORMAT=DYNAMIC
			CHARACTER SET=utf8mb4
			COLLATE=utf8mb4_unicode_ci
2026-09-25 11:55:19,660 WARNING database DDL Query made to DB:
alter table `tabvehicle model` add column if not exists parent varchar(140)
2026-09-25 11:55:19,661 WARNING database DDL Query made to DB:
alter table `tabvehicle model` add column if not exists parenttype varchar(140)
2026-09-25 11:55:19,661 WARNING database DDL Query made to DB:
alter table `tabvehicle model` add column if not exists parentfield varchar(140)
2026-09-25 11:55:19,709 WARNING database DDL Query made to DB:
ALTER TABLE `tabvehicle model` ADD COLUMN `model_name` varchar(140), ADD COLUMN `brand_name` varchar(140)
2026-09-25 11:55:34,601 WARNING database DDL Query made to DB:
alter table `tabvehicle model` add column if not exists parent varchar(140)
2026-09-25 11:55:34,601 WARNING database DDL Query made to DB:
alter table `tabvehicle model` add column if not exists parenttype varchar(140)
2026-09-25 11:55:34,602 WARNING database DDL Query made to DB:
alter table `tabvehicle model` add column if not exists parentfield varchar(140)
2026-09-25 11:55:46,123 WARNING database DDL Query made to DB:
alter table `tabvehicle model` add column if not exists parent varchar(140)
2026-09-25 11:55:46,123 WARNING database DDL Query made to DB:
alter table `tabvehicle model` add column if not exists parenttype varchar(140)
2026-09-25 11:55:46,123 WARNING database DDL Query made to DB:
alter table `tabvehicle model` add column if not exists parentfield varchar(140)
2026-09-25 11:56:24,517 WARNING database DDL Query made to DB:
alter table `tabfuel type` add column if not exists parent varchar(140)
2026-09-25 11:56:24,517 WARNING database DDL Query made to DB:
alter table `tabfuel type` add column if not exists parent varchar(140)
2026-09-25 11:56:24,518 WARNING database DDL Query made to DB:
alter table `tabfuel type` add column if not exists parenttype varchar(140)
2026-09-25 11:56:24,518 WARNING database DDL Query made to DB:
alter table `tabfuel type` add column if not exists parenttype varchar(140)
2026-09-25 11:56:24,518 WARNING database DDL Query made to DB:
alter table `tabfuel type` add column if not exists parentfield varchar(140)
2026-09-25 11:56:24,518 WARNING database DDL Query made to DB:
alter table `tabfuel type` add column if not exists parentfield varchar(140)
2026-09-25 11:56:36,644 WARNING database DDL Query made to DB:
alter table `tabfuel type` add column if not exists parent varchar(140)
2026-09-25 11:56:36,644 WARNING database DDL Query made to DB:
alter table `tabfuel type` add column if not exists parenttype varchar(140)
2026-09-25 11:56:36,645 WARNING database DDL Query made to DB:
alter table `tabfuel type` add column if not exists parentfield varchar(140)
2026-09-25 11:57:07,287 WARNING database DDL Query made to DB:
alter table `tabvehicle model` add column if not exists parent varchar(140)
2026-09-25 11:57:07,287 WARNING database DDL Query made to DB:
alter table `tabvehicle model` add column if not exists parent varchar(140)
2026-09-25 11:57:07,287 WARNING database DDL Query made to DB:
alter table `tabvehicle model` add column if not exists parenttype varchar(140)
2026-09-25 11:57:07,287 WARNING database DDL Query made to DB:
alter table `tabvehicle model` add column if not exists parenttype varchar(140)
2026-09-25 11:57:07,287 WARNING database DDL Query made to DB:
alter table `tabvehicle model` add column if not exists parentfield varchar(140)
2026-09-25 11:57:07,287 WARNING database DDL Query made to DB:
alter table `tabvehicle model` add column if not exists parentfield varchar(140)
2026-09-25 12:02:43,619 WARNING database DDL Query made to DB:
alter table `tabvehicle model` add column if not exists parent varchar(140)
2026-09-25 12:02:43,619 WARNING database DDL Query made to DB:
alter table `tabvehicle model` add column if not exists parenttype varchar(140)
2026-09-25 12:02:43,619 WARNING database DDL Query made to DB:
alter table `tabvehicle model` add column if not exists parentfield varchar(140)
2026-09-25 12:06:19,809 WARNING database DDL Query made to DB:
create table `tabVehicle Brand` (
			name varchar(140) primary key,
			creation datetime(6),
			modified datetime(6),
			modified_by varchar(140),
			owner varchar(140),
			docstatus tinyint not null default '0',
			idx int not null default '0',
			`_user_tags` text,
`_comments` text,
`_assign` text,
`_liked_by` text,
index creation(creation))
			ENGINE=InnoDB
			ROW_FORMAT=DYNAMIC
			CHARACTER SET=utf8mb4
			COLLATE=utf8mb4_unicode_ci
2026-09-25 12:06:44,975 WARNING database DDL Query made to DB:
ALTER TABLE `tabVehicle Brand` ADD COLUMN `brand_name` varchar(140)
2026-09-25 12:07:02,225 WARNING database DDL Query made to DB:
ALTER TABLE `tabVehicle Model` DROP INDEX `model_name`
2026-09-25 12:07:28,826 WARNING database DDL Query made to DB:
alter table `tabVehicle Model` add column if not exists parent varchar(140)
2026-09-25 12:07:28,836 WARNING database DDL Query made to DB:
alter table `tabVehicle Model` add column if not exists parenttype varchar(140)
2026-09-25 12:07:28,846 WARNING database DDL Query made to DB:
alter table `tabVehicle Model` add column if not exists parentfield varchar(140)
2026-09-25 12:07:47,251 WARNING database DDL Query made to DB:
alter table `tabVehicle Model` add column if not exists parent varchar(140)
2026-09-25 12:07:47,251 WARNING database DDL Query made to DB:
alter table `tabVehicle Model` add column if not exists parent varchar(140)
2026-09-25 12:07:47,251 WARNING database DDL Query made to DB:
alter table `tabVehicle Model` add column if not exists parenttype varchar(140)
2026-09-25 12:07:47,251 WARNING database DDL Query made to DB:
alter table `tabVehicle Model` add column if not exists parenttype varchar(140)
2026-09-25 12:07:47,251 WARNING database DDL Query made to DB:
alter table `tabVehicle Model` add column if not exists parentfield varchar(140)
2026-09-25 12:07:47,251 WARNING database DDL Query made to DB:
alter table `tabVehicle Model` add column if not exists parentfield varchar(140)
2026-09-25 12:07:47,287 WARNING database DDL Query made to DB:
ALTER TABLE `tabVehicle Model` ADD COLUMN `fuel_type` varchar(140)
2026-09-25 12:07:47,287 WARNING database DDL Query made to DB:
ALTER TABLE `tabVehicle Model` ADD COLUMN `fuel_type` varchar(140)
2026-09-25 12:08:11,819 WARNING database DDL Query made to DB:
alter table `tabVehicle Model` add column if not exists parent varchar(140)
2026-09-25 12:08:11,819 WARNING database DDL Query made to DB:
alter table `tabVehicle Model` add column if not exists parenttype varchar(140)
2026-09-25 12:08:11,819 WARNING database DDL Query made to DB:
alter table `tabVehicle Model` add column if not exists parentfield varchar(140)
2026-09-25 12:31:10,921 WARNING database Couldn't set session time zone 'NoneType' object has no attribute 'get'
2026-09-25 12:32:30,090 WARNING database Couldn't set session time zone 'NoneType' object has no attribute 'get'
2026-09-25 12:37:30,063 WARNING database Couldn't set session time zone 'NoneType' object has no attribute 'get'
2026-09-25 12:42:56,762 WARNING database Couldn't set session time zone 'NoneType' object has no attribute 'get'
2026-09-25 12:56:17,953 WARNING database Couldn't set session time zone 'NoneType' object has no attribute 'get'
2026-09-25 13:34:23,292 WARNING database Couldn't set session time zone 'NoneType' object has no attribute 'get'
2026-09-25 13:45:17,528 WARNING database Couldn't set session time zone 'NoneType' object has no attribute 'get'
2026-09-25 13:50:33,790 WARNING database Couldn't set session time zone 'NoneType' object has no attribute 'get'
2026-09-25 14:08:20,019 WARNING database Couldn't set session time zone 'NoneType' object has no attribute 'get'
2026-09-25 14:16:27,901 WARNING database Couldn't set session time zone 'NoneType' object has no attribute 'get'
2026-09-25 14:17:37,918 WARNING database Couldn't set session time zone 'NoneType' object has no attribute 'get'
2026-09-25 14:18:31,287 WARNING database Couldn't set session time zone 'NoneType' object has no attribute 'get'
2026-09-25 14:44:30,340 WARNING database Couldn't set session time zone 'NoneType' object has no attribute 'get'
2026-09-25 15:19:47,978 WARNING database Couldn't set session time zone 'NoneType' object has no attribute 'get'
2026-09-25 15:41:27,055 WARNING database Couldn't set session time zone 'NoneType' object has no attribute 'get'
2026-09-25 15:43:05,854 WARNING database Couldn't set session time zone 'NoneType' object has no attribute 'get'
2026-09-25 15:48:31,922 WARNING database DDL Query made to DB:
ALTER TABLE `tabvms vehicle service registration` ADD COLUMN `mechanic` varchar(140)
2026-09-25 15:51:12,423 WARNING database Couldn't set session time zone 'NoneType' object has no attribute 'get'
2026-09-25 16:19:47,350 WARNING database Couldn't set session time zone 'NoneType' object has no attribute 'get'
2026-09-25 16:35:56,385 WARNING database Couldn't set session time zone 'NoneType' object has no attribute 'get'
2026-09-25 16:47:11,809 WARNING database Couldn't set session time zone 'NoneType' object has no attribute 'get'
2026-09-26 10:36:36,106 WARNING database Couldn't set session time zone 'NoneType' object has no attribute 'get'
2026-09-26 10:40:43,669 WARNING database DDL Query made to DB:
ALTER TABLE `tabvms accounts` ADD COLUMN `payment` tinyint(4) NOT NULL DEFAULT 0
2026-09-26 11:37:09,728 WARNING database Couldn't set session time zone 'NoneType' object has no attribute 'get'
2026-09-26 11:56:14,422 WARNING database Couldn't set session time zone 'NoneType' object has no attribute 'get'
2026-09-26 12:07:27,935 WARNING database Couldn't set session time zone 'NoneType' object has no attribute 'get'
2026-09-28 10:02:36,118 WARNING database Couldn't set session time zone 'NoneType' object has no attribute 'get'
2026-09-28 10:07:34,752 WARNING database Couldn't set session time zone 'NoneType' object has no attribute 'get'
2026-09-28 10:39:50,052 WARNING database Couldn't set session time zone 'NoneType' object has no attribute 'get'
2026-09-28 10:51:29,607 WARNING database Couldn't set session time zone 'NoneType' object has no attribute 'get'
2026-09-28 10:55:06,172 WARNING database Couldn't set session time zone 'NoneType' object has no attribute 'get'
2026-09-28 11:16:43,456 WARNING database Couldn't set session time zone 'NoneType' object has no attribute 'get'
2026-09-28 12:05:19,432 WARNING database Couldn't set session time zone 'NoneType' object has no attribute 'get'
2026-09-28 12:15:17,383 WARNING database Couldn't set session time zone 'NoneType' object has no attribute 'get'
2026-09-28 14:01:56,780 WARNING database Couldn't set session time zone 'NoneType' object has no attribute 'get'
2026-09-28 14:03:32,301 WARNING database DDL Query made to DB:
create table `tabvms brand` (
			name varchar(140) primary key,
			creation datetime(6),
			modified datetime(6),
			modified_by varchar(140),
			owner varchar(140),
			docstatus tinyint not null default '0',
			idx int not null default '0',
			`_user_tags` text,
`_comments` text,
`_assign` text,
`_liked_by` text,
index creation(creation))
			ENGINE=InnoDB
			ROW_FORMAT=DYNAMIC
			CHARACTER SET=utf8mb4
			COLLATE=utf8mb4_unicode_ci
2026-09-28 14:04:06,873 WARNING database DDL Query made to DB:
ALTER TABLE `tabvms brand` ADD COLUMN `vehicle_brand` varchar(140)
2026-09-28 14:04:40,200 WARNING database DDL Query made to DB:
create table `tabvms model` (
			name varchar(140) primary key,
			creation datetime(6),
			modified datetime(6),
			modified_by varchar(140),
			owner varchar(140),
			docstatus tinyint not null default '0',
			idx int not null default '0',
			parent varchar(140),
parentfield varchar(140),
parenttype varchar(140),
index parent(parent))
			ENGINE=InnoDB
			ROW_FORMAT=DYNAMIC
			CHARACTER SET=utf8mb4
			COLLATE=utf8mb4_unicode_ci
2026-09-28 14:05:17,640 WARNING database DDL Query made to DB:
alter table `tabvms model` add column if not exists parent varchar(140)
2026-09-28 14:05:17,641 WARNING database DDL Query made to DB:
alter table `tabvms model` add column if not exists parenttype varchar(140)
2026-09-28 14:05:17,641 WARNING database DDL Query made to DB:
alter table `tabvms model` add column if not exists parentfield varchar(140)
2026-09-28 14:05:17,677 WARNING database DDL Query made to DB:
ALTER TABLE `tabvms model` ADD COLUMN `model_name` varchar(140), ADD COLUMN `fuel_type` varchar(140)
2026-09-28 14:06:05,228 WARNING database DDL Query made to DB:
alter table `tabvms model` add column if not exists parent varchar(140)
2026-09-28 14:06:05,228 WARNING database DDL Query made to DB:
alter table `tabvms model` add column if not exists parenttype varchar(140)
2026-09-28 14:06:05,228 WARNING database DDL Query made to DB:
alter table `tabvms model` add column if not exists parentfield varchar(140)
2026-09-28 14:46:52,920 WARNING database Couldn't set session time zone 'NoneType' object has no attribute 'get'
2026-09-28 15:04:03,724 WARNING database DDL Query made to DB:
ALTER TABLE `tabVehicle Brand` ADD COLUMN `enabled` tinyint(4) NOT NULL DEFAULT 1, ADD COLUMN `description` text
2026-09-28 15:04:03,738 WARNING database DDL Query made to DB:
ALTER TABLE `tabVehicle Brand` ADD UNIQUE INDEX IF NOT EXISTS brand_name (`brand_name`)
2026-09-28 15:04:03,839 WARNING database DDL Query made to DB:
create table `tabVehicle Fuel Type` (
			name varchar(140) primary key,
			creation datetime(6),
			modified datetime(6),
			modified_by varchar(140),
			owner varchar(140),
			docstatus tinyint not null default '0',
			idx int not null default '0',
			`fuel_type` varchar(140) UNIQUE,
`enabled` tinyint(4) NOT NULL DEFAULT 1,
`description` text,
`_user_tags` text,
`_comments` text,
`_assign` text,
`_liked_by` text,
index creation(creation))
			ENGINE=InnoDB
			ROW_FORMAT=DYNAMIC
			CHARACTER SET=utf8mb4
			COLLATE=utf8mb4_unicode_ci
2026-09-28 15:04:03,885 WARNING database DDL Query made to DB:
create table `tabVehicle Model Fuel Type` (
			name varchar(140) primary key,
			creation datetime(6),
			modified datetime(6),
			modified_by varchar(140),
			owner varchar(140),
			docstatus tinyint not null default '0',
			idx int not null default '0',
			`fuel_type` varchar(140),
parent varchar(140),
parentfield varchar(140),
parenttype varchar(140),
index parent(parent))
			ENGINE=InnoDB
			ROW_FORMAT=DYNAMIC
			CHARACTER SET=utf8mb4
			COLLATE=utf8mb4_unicode_ci
2026-09-28 15:04:03,950 WARNING database DDL Query made to DB:
ALTER TABLE `tabVehicle Model` ADD COLUMN `enabled` tinyint(4) NOT NULL DEFAULT 1
2026-09-28 15:04:31,425 WARNING database DDL Query made to DB:
TRUNCATE `tabVehicle Model`
2026-09-28 15:04:31,438 WARNING database DDL Query made to DB:
TRUNCATE `tabVehicle Brand`
2026-09-28 15:04:31,447 WARNING database DDL Query made to DB:
TRUNCATE `tabVehicle Fuel Type`
2026-09-28 15:04:31,454 WARNING database DDL Query made to DB:
TRUNCATE `tabVehicle Model Fuel Type`
2026-09-28 15:04:31,933 WARNING database DDL Query made to DB:
ALTER TABLE `tabVehicle Model` ADD UNIQUE INDEX IF NOT EXISTS model_name (`model_name`)
2026-09-28 15:09:28,540 WARNING database DDL Query made to DB:
TRUNCATE `tabVehicle Model`
2026-09-28 15:09:28,548 WARNING database DDL Query made to DB:
TRUNCATE `tabVehicle Brand`
2026-09-28 15:09:28,557 WARNING database DDL Query made to DB:
TRUNCATE `tabVehicle Fuel Type`
2026-09-28 15:09:28,563 WARNING database DDL Query made to DB:
TRUNCATE `tabVehicle Model Fuel Type`
2026-09-28 15:12:16,390 WARNING database Couldn't set session time zone 'NoneType' object has no attribute 'get'
2026-09-28 15:23:01,099 WARNING database Couldn't set session time zone 'NoneType' object has no attribute 'get'
2026-09-28 15:23:54,005 WARNING database Couldn't set session time zone 'NoneType' object has no attribute 'get'
2026-09-28 15:37:39,073 WARNING database Couldn't set session time zone 'NoneType' object has no attribute 'get'
2026-09-28 15:41:57,029 WARNING database DDL Query made to DB:
TRUNCATE `tabVehicle Model`
2026-09-28 15:41:57,039 WARNING database DDL Query made to DB:
TRUNCATE `tabVehicle Brand`
2026-09-28 15:41:57,051 WARNING database DDL Query made to DB:
TRUNCATE `tabVehicle Fuel Type`
2026-09-28 15:41:57,059 WARNING database DDL Query made to DB:
TRUNCATE `tabVehicle Model Fuel Type`
2026-09-28 15:43:47,238 WARNING database Couldn't set session time zone 'NoneType' object has no attribute 'get'
2026-09-28 15:44:49,077 WARNING database Couldn't set session time zone 'NoneType' object has no attribute 'get'
2026-09-28 15:56:41,882 WARNING database Couldn't set session time zone 'NoneType' object has no attribute 'get'
2026-09-28 16:28:34,621 WARNING database DDL Query made to DB:
create table `tabvms spare part` (
			name varchar(140) primary key,
			creation datetime(6),
			modified datetime(6),
			modified_by varchar(140),
			owner varchar(140),
			docstatus tinyint not null default '0',
			idx int not null default '0',
			parent varchar(140),
parentfield varchar(140),
parenttype varchar(140),
index parent(parent))
			ENGINE=InnoDB
			ROW_FORMAT=DYNAMIC
			CHARACTER SET=utf8mb4
			COLLATE=utf8mb4_unicode_ci
2026-09-28 16:29:41,755 WARNING database DDL Query made to DB:
alter table `tabvms spare part` add column if not exists parent varchar(140)
2026-09-28 16:29:41,756 WARNING database DDL Query made to DB:
alter table `tabvms spare part` add column if not exists parenttype varchar(140)
2026-09-28 16:29:41,757 WARNING database DDL Query made to DB:
alter table `tabvms spare part` add column if not exists parentfield varchar(140)
2026-09-28 16:29:41,838 WARNING database DDL Query made to DB:
ALTER TABLE `tabvms spare part` ADD COLUMN `part_name` varchar(140), ADD COLUMN `cost` varchar(140)
2026-09-28 16:32:14,573 WARNING database DDL Query made to DB:
alter table `tabvms spare part` add column if not exists parent varchar(140)
2026-09-28 16:32:14,574 WARNING database DDL Query made to DB:
alter table `tabvms spare part` add column if not exists parenttype varchar(140)
2026-09-28 16:32:14,574 WARNING database DDL Query made to DB:
alter table `tabvms spare part` add column if not exists parentfield varchar(140)
2026-09-28 16:32:14,626 WARNING database DDL Query made to DB:
ALTER TABLE `tabvms spare part` ADD COLUMN `qty` varchar(140)
2026-09-28 16:38:00,350 WARNING database DDL Query made to DB:
alter table `tabvms spare part` add column if not exists parent varchar(140)
2026-09-28 16:38:00,351 WARNING database DDL Query made to DB:
alter table `tabvms spare part` add column if not exists parenttype varchar(140)
2026-09-28 16:38:00,352 WARNING database DDL Query made to DB:
alter table `tabvms spare part` add column if not exists parentfield varchar(140)
2026-09-28 17:07:35,746 WARNING database DDL Query made to DB:
ALTER TABLE `tabvms spare part` ADD COLUMN `amount` decimal(21,9) NOT NULL DEFAULT 0.0, ADD COLUMN `available_qty` varchar(140)
2026-09-28 17:07:35,774 WARNING database DDL Query made to DB:
ALTER TABLE `tabvms spare part` MODIFY `cost` decimal(21,9) NOT NULL DEFAULT 0.0, MODIFY `qty` decimal(21,9) NOT NULL DEFAULT 0.0
2026-09-28 17:11:30,709 WARNING database Couldn't set session time zone 'NoneType' object has no attribute 'get'
2026-09-28 18:03:17,830 WARNING database DDL Query made to DB:
ALTER TABLE `tabSubscription` DROP COLUMN `start_date`, DROP COLUMN `end_date`, DROP COLUMN `status`
2026-09-28 18:03:19,059 WARNING database DDL Query made to DB:
ALTER TABLE `tabStock Entry Detail` ADD COLUMN `gst_hsn_code` varchar(140)
2026-09-28 18:03:28,704 WARNING database DDL Query made to DB:
ALTER TABLE `tabFinance Book` ADD COLUMN `for_income_tax` tinyint(4) NOT NULL DEFAULT 0
2026-09-28 18:03:37,300 WARNING database DDL Query made to DB:
ALTER TABLE `tabvms spare part` ADD COLUMN `item_code` varchar(140), ADD COLUMN `warehouse` varchar(140)
2026-09-28 18:03:38,507 WARNING database DDL Query made to DB:
ALTER TABLE `tabCompany` ADD COLUMN `basic_component` varchar(140), ADD COLUMN `hra_component` varchar(140), ADD COLUMN `arrear_component` varchar(140), ADD COLUMN `company_80g_number` varchar(140), ADD COLUMN `with_effect_from` date, ADD COLUMN `pan_details` varchar(140)
2026-09-28 18:03:40,460 WARNING database DDL Query made to DB:
truncate `tabAccount Closing Balance`
2026-09-28 18:03:42,049 WARNING database DDL Query made to DB:
ALTER TABLE `tabAddress` ADD COLUMN `tax_category` varchar(140), ADD COLUMN `is_your_company_address` tinyint(4) NOT NULL DEFAULT 0
2026-09-28 18:03:42,131 WARNING database DDL Query made to DB:
ALTER TABLE `tabContact` ADD COLUMN `is_billing_contact` tinyint(4) NOT NULL DEFAULT 0
2026-09-28 18:03:43,724 WARNING database DDL Query made to DB:
ALTER TABLE `tabBackground Task`
				ADD INDEX IF NOT EXISTS `automation_run_lookup`(task_name, method, creation)
