2026-09-28 12:41:08,685 ERROR frappe New Exception collected in error log
Site: vms.localhost
Form Dict: {'cmd': 'frappe.auth.logout'}
2026-09-28 14:14:43,164 ERROR frappe New Exception collected in error log
Site: vms.localhost
Form Dict: {'name': 'vms_vehicle', 'cmd': 'frappe.desk.desk_page.getpage'}
2026-09-28 15:16:18,113 ERROR frappe New Exception collected in error log
Site: vms.localhost
Form Dict: {'doctype': 'vms brand', 'fields': ['`tabvms brand`.`name`', '`tabvms brand`.`owner`', '`tabvms brand`.`creation`', '`tabvms brand`.`modified`', '`tabvms brand`.`modified_by`', '`tabvms brand`.`_user_tags`', '`tabvms brand`.`_comments`', '`tabvms brand`.`_assign`', '`tabvms brand`.`_liked_by`', '`tabvms brand`.`docstatus`', '`tabvms brand`.`idx`'], 'filters': [], 'order_by': '`tabvms brand`.`creation` desc', 'start': 0, 'page_length': 20, 'view': 'List', 'group_by': None, 'with_comment_count': 1, 'cmd': 'frappe.desk.reportview.get'}
2026-09-28 15:19:21,799 ERROR frappe New Exception collected in error log
Site: vms.localhost
Form Dict: {'brand': 'Toyota', 'cmd': 'vms_vehicle.api.get_vehicle_models'}
2026-09-28 15:21:18,020 ERROR frappe New Exception collected in error log
Site: vms.localhost
Form Dict: {'doctype': 'vms brand', 'fields': ['`tabvms brand`.`name`', '`tabvms brand`.`owner`', '`tabvms brand`.`creation`', '`tabvms brand`.`modified`', '`tabvms brand`.`modified_by`', '`tabvms brand`.`_user_tags`', '`tabvms brand`.`_comments`', '`tabvms brand`.`_assign`', '`tabvms brand`.`_liked_by`', '`tabvms brand`.`docstatus`', '`tabvms brand`.`idx`'], 'filters': [], 'order_by': '`tabvms brand`.`creation` desc', 'start': 0, 'page_length': 20, 'view': 'List', 'group_by': None, 'with_comment_count': 1, 'cmd': 'frappe.desk.reportview.get'}
2026-09-28 15:25:09,350 ERROR frappe New Exception collected in error log
Site: vms.localhost
Form Dict: {'vehicle_number': 'KL45L6294', 'vehicle_brand': 'Honda', 'vehicle_model': 'Amaze', 'vehicle_type': 'SUV', 'fuel_type': 'Petrol', 'vehicle_fuel_type': 'Petrol', 'manufacturing_year': '2021', 'color': 'BLACK', 'chassis_number': 'CHASSIS123', 'engine_number': 'ENGININE781', 'registration_date': '2026-09-30', 'notes': '', 'cmd': 'vms_vehicle.api.create_vehicle'}
2026-09-28 15:25:25,195 ERROR frappe New Exception collected in error log
Site: vms.localhost
Form Dict: {'name': 'vms-brand', 'cmd': 'frappe.desk.desk_page.getpage'}
2026-09-28 15:38:48,400 ERROR frappe New Exception collected in error log
Site: vms.localhost
Form Dict: {'vehicle_number': 'KL21H7890', 'vehicle_brand': 'Toyota', 'vehicle_model': 'Crysta', 'vehicle_type': 'SUV', 'fuel_type': 'Diesel', 'vehicle_fuel_type': 'Diesel', 'manufacturing_year': '2003', 'color': 'GREY', 'chassis_number': 'CHASSIS00123', 'engine_number': 'ENGININE781', 'registration_date': '2026-09-24', 'notes': '', 'cmd': 'vms_vehicle.api.create_vehicle'}
