2026-09-19 16:49:20,173 INFO ipython === bench console session ===
2026-09-19 16:49:20,173 INFO ipython import vms_user.api
2026-09-19 16:49:20,173 INFO ipython bench --site vms.localhost console
2026-09-19 16:49:20,173 INFO ipython === session end ===
2026-09-19 16:50:27,005 INFO ipython === bench console session ===
2026-09-19 16:50:27,005 INFO ipython print(vms_user.api.__file__)
2026-09-19 16:50:27,005 INFO ipython print(
;
2026-09-19 16:50:27,005 INFO ipython === session end ===
2026-09-19 16:54:48,789 INFO ipython === bench console session ===
2026-09-19 16:54:48,789 INFO ipython import vms_user.api
2026-09-19 16:54:48,789 INFO ipython print(vms_user.api.__file__)
2026-09-19 16:54:48,789 INFO ipython print(hsattr(vms_user.api,"register_customer"))
2026-09-19 16:54:48,789 INFO ipython print(hasattr(vms_user.api,"register_customer"))
2026-09-19 16:54:48,789 INFO ipython dir(vms_user.api)
2026-09-19 16:54:48,789 INFO ipython === session end ===
2026-09-19 17:02:56,205 INFO ipython === bench console session ===
2026-09-19 17:02:56,205 INFO ipython import inspect
2026-09-19 17:02:56,205 INFO ipython import vms_user.api
2026-09-19 17:02:56,205 INFO ipython print(vms_user.api.__file__)
2026-09-19 17:02:56,205 INFO ipython print(inspect.signature(vms_user.api.register_customer))
2026-09-19 17:02:56,205 INFO ipython === session end ===
2026-09-19 17:04:46,606 INFO ipython === bench console session ===
2026-09-19 17:04:46,606 INFO ipython import importlib
2026-09-19 17:04:46,606 INFO ipython import inspect
2026-09-19 17:04:46,606 INFO ipython import vms_user.api
2026-09-19 17:04:46,606 INFO ipython importlib.reload(vms_user.api)
2026-09-19 17:04:46,606 INFO ipython print(inspect.signature(vms_user.api.register_customer))
2026-09-19 17:04:46,606 INFO ipython print(inspect.signature(vms_user.api.register_customer))
2026-09-19 17:04:46,606 INFO ipython === session end ===
