Traceback with variables (most recent call last):
  File "apps/frappe/frappe/desk/page/setup_wizard/setup_wizard.py", line 190, in _process_setup_stages
    task.get("fn")(task.get("args"))
      stages = [{'status': 'Updating global settings', 'fail_msg': 'Failed to update global settings', 'tasks': [{'fn': <function update_global_settings at 0x74fa4a4a3950>, 'args': frappe.types.frappedict._dict{'currency': 'INR', 'country': 'India', 'timezone': 'Asia/Calcutta', 'language': 'English', 'company_name': 'DemoCompany', 'company_abbr': 'D', 'chart_of_accounts': 'India - Chart of Accounts', 'fy_start_date': '2026-04-01', 'fy_end_date': '2027-03-31', 'setup_demo': 0}, 'fail_msg': 'Failed to update global settings', 'app_name': 'frappe'}]}, {'status': 'Installing presets', 'fail_msg': 'Failed to install presets', 'tasks': [{'fn': <function stage_fixtures at 0x74fa42bef690>, 'args': frappe.types....INR', 'country': 'India', 'timezone': 'Asia/Calcutta', 'language': 'English', 'company_name': 'DemoCompany', 'company_abbr': 'D', 'chart_of_accounts': 'India - Chart of Accounts', 'fy_start_date': '2026-04-01', 'fy_end_date': '2027-03-31', 'setup_demo': 0}, 'fail_msg': 'Failed to complete setup'}]}]
      user_input = {'currency': 'INR', 'country': 'India', 'timezone': 'Asia/Calcutta', 'language': 'English', 'company_name': 'DemoCompany', 'company_abbr': 'D', 'chart_of_accounts': 'India - Chart of Accounts', 'fy_start_date': '2026-04-01', 'fy_end_date': '2027-03-31', 'setup_demo': 0}
      is_background_task = False
      deferred_jobs = frappe.utils.background_jobs._DeferredEnqueueAfterCommit(callbacks=frappe.utils.CallbackManager(-), cancelled=True, parent_callbacks=None)
      capture = <function capture at 0x74fa4d5cdfe0>
      setup_wizard_completed_apps = []
      telemetry_enabled = False
      current_task = {'fn': <function update_global_settings at 0x74fa4a4a3950>, 'args': {'currency': 'INR', 'country': 'India', 'timezone': 'Asia/Calcutta', 'language': 'English', 'company_name': 'DemoCompany', 'company_abbr': 'D', 'chart_of_accounts': 'India - Chart of Accounts', 'fy_start_date': '2026-04-01', 'fy_end_date': '2027-03-31', 'setup_demo': 0}, 'fail_msg': 'Failed to update global settings', 'app_name': 'frappe'}
      idx = 0
      stage = {'status': 'Updating global settings', 'fail_msg': 'Failed to update global settings', 'tasks': [{'fn': <function update_global_settings at 0x74fa4a4a3950>, 'args': {'currency': 'INR', 'country': 'India', 'timezone': 'Asia/Calcutta', 'language': 'English', 'company_name': 'DemoCompany', 'company_abbr': 'D', 'chart_of_accounts': 'India - Chart of Accounts', 'fy_start_date': '2026-04-01', 'fy_end_date': '2027-03-31', 'setup_demo': 0}, 'fail_msg': 'Failed to update global settings', 'app_name': 'frappe'}]}
      task = {'fn': <function update_global_settings at 0x74fa4a4a3950>, 'args': {'currency': 'INR', 'country': 'India', 'timezone': 'Asia/Calcutta', 'language': 'English', 'company_name': 'DemoCompany', 'company_abbr': 'D', 'chart_of_accounts': 'India - Chart of Accounts', 'fy_start_date': '2026-04-01', 'fy_end_date': '2027-03-31', 'setup_demo': 0}, 'fail_msg': 'Failed to update global settings', 'app_name': 'frappe'}
  File "apps/frappe/frappe/desk/page/setup_wizard/setup_wizard.py", line 257, in update_global_settings
    update_system_settings(args)
      args = {'currency': 'INR', 'country': 'India', 'timezone': 'Asia/Calcutta', 'language': 'English', 'company_name': 'DemoCompany', 'company_abbr': 'D', 'chart_of_accounts': 'India - Chart of Accounts', 'fy_start_date': '2026-04-01', 'fy_end_date': '2027-03-31', 'setup_demo': 0}
  File "apps/frappe/frappe/desk/page/setup_wizard/setup_wizard.py", line 373, in update_system_settings
    system_settings.save()
      args = {'currency': 'INR', 'country': 'India', 'timezone': 'Asia/Calcutta', 'language': 'English', 'company_name': 'DemoCompany', 'company_abbr': 'D', 'chart_of_accounts': 'India - Chart of Accounts', 'fy_start_date': '2026-04-01', 'fy_end_date': '2027-03-31', 'setup_demo': 0}
      number_format = '#,##,###.##'
      system_settings = System Settings (System Settings)
  File "apps/frappe/frappe/model/document.py", line 813, in save
    return self._save(*args, **kwargs)
      self = System Settings (System Settings)
      args = ()
      kwargs = {}
  File "apps/frappe/frappe/model/document.py", line 868, in _save
    self.run_post_save_methods()
      self = System Settings (System Settings)
      ignore_permissions = None
      ignore_version = None
  File "apps/frappe/frappe/model/document.py", line 1904, in run_post_save_methods
    self.run_method("on_update")
      self = System Settings (System Settings)
  File "apps/frappe/frappe/model/document.py", line 1704, in run_method
    out = Document.hook(fn)(self, *args, **kwargs)
      self = System Settings (System Settings)
      method = 'on_update'
      args = ()
      kwargs = {}
      fn = <function Document.run_method.<locals>.fn at 0x74fa4874aa30>
  File "apps/frappe/frappe/model/document.py", line 2111, in composer
    return composed(self, method, *args, **kwargs)
      self = System Settings (System Settings)
      args = ()
      kwargs = {}
      hooks = [<function clear_doctype_notifications at 0x74fa4a5b71c0>, <function process_workflow_actions at 0x74fa43aff060>, <function attach_files_to_document at 0x74fa4dfb7cc0>, <function apply at 0x74fa43912e50>, <function update_due_date at 0x74fa43912f00>, <function apply_permissions_for_non_standard_user_type at 0x74fa4a312140>, <function make_perm_log at 0x74fa43913740>, <function update_doc_index at 0x74fa43955590>]
      method = 'on_update'
      doc_events = {'*': {'on_update': ['frappe.desk.notifications.clear_doctype_notifications', 'frappe.workflow.doctype.workflow_action.workflow_action.process_workflow_actions', 'frappe.core.doctype.file.utils.attach_files_to_document', 'frappe.automation.doctype.assignment_rule.assignment_rule.apply', 'frappe.automation.doctype.assignment_rule.assignment_rule.update_due_date', 'frappe.core.doctype.user_type.user_type.apply_permissions_for_non_standard_user_type', 'frappe.core.doctype.permission_log.permission_log.make_perm_log', 'frappe.search.sqlite_search.update_doc_index'], 'after_rename': ['frappe.desk.notifications.clear_doctype_notifications'], 'on_cancel': ['frappe.desk.notifications.clear_doctype_n...ess': {'validate': ['erpnext.regional.italy.utils.set_state_code']}, 'Email Unsubscribe': {'after_insert': ['erpnext.crm.doctype.email_campaign.email_campaign.unsubscribe_recipient']}, 'Integration Request': {'validate': ['erpnext.accounts.doctype.payment_request.payment_request.validate_payment']}}
      handler = 'frappe.search.sqlite_search.update_doc_index'
      composed = <function Document.hook.<locals>.compose.<locals>.runner at 0x74fa42fbe090>
      compose = <function Document.hook.<locals>.compose at 0x74fa43a8c880>
      f = <function Document.run_method.<locals>.fn at 0x74fa4874aa30>
  File "apps/frappe/frappe/model/document.py", line 2085, in runner
    add_to_return_value(self, fn(self, *args, **kwargs))
      self = System Settings (System Settings)
      method = 'on_update'
      args = ()
      kwargs = {}
      add_to_return_value = <function Document.hook.<locals>.add_to_return_value at 0x74fa43ad4040>
      fn = <function Document.run_method.<locals>.fn at 0x74fa4874aa30>
      hooks = (<function clear_doctype_notifications at 0x74fa4a5b71c0>, <function process_workflow_actions at 0x74fa43aff060>, <function attach_files_to_document at 0x74fa4dfb7cc0>, <function apply at 0x74fa43912e50>, <function update_due_date at 0x74fa43912f00>, <function apply_permissions_for_non_standard_user_type at 0x74fa4a312140>, <function make_perm_log at 0x74fa43913740>, <function update_doc_index at 0x74fa43955590>)
  File "apps/frappe/frappe/model/document.py", line 1701, in fn
    return method_object(*args, **kwargs)
      self = System Settings (System Settings)
      args = ()
      kwargs = {}
      method_object = <bound method SystemSettings.on_update of <SystemSettings: doctype=System Settings System Settings>>
      method = 'on_update'
  File "apps/frappe/frappe/core/doctype/system_settings/system_settings.py", line 211, in on_update
    self.set_defaults()
      self = System Settings (System Settings)
  File "apps/frappe/frappe/core/doctype/system_settings/system_settings.py", line 222, in set_defaults
    frappe.db.set_default(df.fieldname, self.get(df.fieldname))
      self = System Settings (System Settings)
      set_default_language = <function set_default_language at 0x74fa4d703110>
      df = DocField (qtn1ol6etc)
  File "apps/frappe/frappe/database/database.py", line 1171, in set_default
    frappe.defaults.set_default(key, val, parent, parenttype)
      key = ********
      val = 'en'
      parent = '__default'
      parenttype = None
  File "apps/frappe/frappe/defaults.py", line 171, in set_default
    add_default(key, value, parent)
      key = ********
      value = 'en'
      parent = '__default'
      parenttype = None
      table = "tabDefaultValue"
      current_value = []
  File "apps/frappe/frappe/defaults.py", line 190, in add_default
    d.insert(ignore_permissions=True)
      key = ********
      value = 'en'
      parent = '__default'
      parenttype = None
      d = DefaultValue (unsaved)
  File "apps/frappe/frappe/model/document.py", line 731, in insert
    self.set_user_and_timestamp()
      self = DefaultValue (unsaved)
      ignore_permissions = True
      ignore_links = None
      ignore_if_duplicate = False
      ignore_mandatory = None
      set_name = None
      set_child_names = True
  File "apps/frappe/frappe/model/document.py", line 1057, in set_user_and_timestamp
    self.modified = now()
      self = DefaultValue (unsaved)
  File "apps/frappe/frappe/utils/data.py", line 432, in now
    return now_datetime().strftime(DATETIME_FORMAT)
  File "apps/frappe/frappe/utils/data.py", line 373, in now_datetime
    return datetime.datetime.now(ZoneInfo(get_system_timezone())).replace(tzinfo=None)
  File "/home/admin/.local/share/uv/python/cpython-3.14.7-linux-x86_64-gnu/lib/python3.14/zoneinfo/_common.py", line 29, in load_tzdata
    raise ZoneInfoNotFoundError(f"No time zone found with key {key}")
      key = ********
      resources = <module 'importlib.resources' from '/home/admin/.local/share/uv/python/cpython-3.14.7-linux-x86_64-gnu/lib/python3.14/importlib/resources/__init__.py'>
      components = ['Asia', 'Calcutta']
      package_name = 'tzdata.zoneinfo.Asia'
      resource_name = 'Calcutta'
zoneinfo._common.ZoneInfoNotFoundError: 'No time zone found with key Asia/Calcutta'{"currency": "INR", "country": "India", "timezone": "Asia/Calcutta", "language": "English", "company_name": "DemoCompany", "company_abbr": "D", "chart_of_accounts": "India - Chart of Accounts", "fy_start_date": "2026-04-01", "fy_end_date": "2027-03-31", "setup_demo": 0}